{"AttachStderr":true,"AttachStdin":true,"AttachStdout":true,"Cmd":["sh"],"Domainname":"","Entrypoint":null,"Env":[],"HostConfig":{"AutoRemove":true,"Binds":null,"BlkioDeviceReadBps":null,"BlkioDeviceReadIOps":null,"BlkioDeviceWriteBps":null,"BlkioDeviceWriteIOps":null,"BlkioWeight":0,"BlkioWeightDevice":[],"CapAdd":null,"CapDrop":null,"Cgroup":"","CgroupParent":"","ConsoleSize":[0,0],"ContainerIDFile":"","CpuCount":0,"CpuPercent":0,"CpuPeriod":0,"CpuQuota":0,"CpuRealtimePeriod":0,"CpuRealtimeRuntime":0,"CpuShares":0,"CpusetCpus":"","CpusetMems":"","DeviceCgroupRules":null,"Devices":[],"DiskQuota":0,"Dns":[],"DnsOptions":[],"DnsSearch":[],"ExtraHosts":null,"GroupAdd":null,"IOMaximumBandwidth":0,"IOMaximumIOps":0,"IpcMode":"","Isolation":"","KernelMemory":0,"Links":null,"LogConfig":{"Config":{},"Type":""},"MaskedPaths":null,"Memory":0,"MemoryReservation":0,"MemorySwap":0,"MemorySwappiness":-1,"NanoCpus":0,"NetworkMode":"default","OomKillDisable":false,"OomScoreAdj":0,"PidMode":"","PidsLimit":0,"PortBindings":{},"Privileged":false,"PublishAllPorts":false,"ReadonlyPaths":null,"ReadonlyRootfs":false,"RestartPolicy":{"MaximumRetryCount":0,"Name":"no"},"SecurityOpt":null,"ShmSize":0,"UTSMode":"","Ulimits":null,"UsernsMode":"","VolumeDriver":"","VolumesFrom":null},"Hostname":"","Image":"alpine:3.8","Labels":{"com.buildkite.sockguard.owner":"sockguard-pid-1","somelabel":"somevalue"},"NetworkingConfig":{"EndpointsConfig":{}},"OnBuild":null,"OpenStdin":true,"StdinOnce":true,"Tty":true,"User":"","Volumes":{},"WorkingDir":""}
